
Allocating common symbols
Common symbol       size              file

u_g_variables       0x3               main.o

Memory Configuration

Name             Origin             Length             Attributes
flash            0x08000000         0x00020000         xr
sram             0x20000000         0x00005000         xrw
*default*        0x00000000         0xffffffff

Linker script and memory map


.text           0x08000000      0x12b
 *(.vectors*)
 .vectors       0x08000000       0x1c Startup.o
                0x08000000                vectors
 *(.text*)
 .text          0x0800001c       0x90 Startup.o
                0x0800001c                MM_Fault_Handler
                0x0800001c                Usage_Fault_Handler
                0x0800001c                Bus_Fault
                0x0800001c                Default_Handler
                0x0800001c                H_fault_Handler
                0x0800001c                NMI_Handler
                0x08000028                Reset_Handler
 .text          0x080000ac       0x7c main.o
                0x080000ac                main
 *(.rodata)
 .rodata        0x08000128        0x3 main.o
                0x08000128                c_variables
                0x0800012b                _E_text = .

.glue_7         0x0800012c        0x0
 .glue_7        0x0800012c        0x0 linker stubs

.glue_7t        0x0800012c        0x0
 .glue_7t       0x0800012c        0x0 linker stubs

.vfp11_veneer   0x0800012c        0x0
 .vfp11_veneer  0x0800012c        0x0 linker stubs

.v4_bx          0x0800012c        0x0
 .v4_bx         0x0800012c        0x0 linker stubs

.iplt           0x0800012c        0x0
 .iplt          0x0800012c        0x0 Startup.o

.rel.dyn        0x0800012c        0x0
 .rel.iplt      0x0800012c        0x0 Startup.o

.data           0x20000000        0x8 load address 0x0800012b
                0x20000000                _S_DATA = .
 *(.data)
 .data          0x20000000        0x0 Startup.o
 .data          0x20000000        0x7 main.o
                0x20000000                R_ODR
                0x20000004                g_variables
                0x20000008                . = ALIGN (0x4)
 *fill*         0x20000007        0x1 
                0x20000008                _E_DATA = .

.igot.plt       0x20000008        0x0 load address 0x08000133
 .igot.plt      0x20000008        0x0 Startup.o

.bss            0x20000008     0x1003 load address 0x08000133
                0x20000008                _S_bss = .
 *(.bss*)
 .bss           0x20000008        0x0 Startup.o
 .bss           0x20000008        0x0 main.o
                0x20000008                _E_bss = .
                0x20000008                . = ALIGN (0x4)
                0x20001008                . = (. + 0x1000)
 *fill*         0x20000008     0x1000 
                0x20001008                _stack_top = .
 COMMON         0x20001008        0x3 main.o
                0x20001008                u_g_variables
LOAD Startup.o
LOAD main.o
OUTPUT(learn-in-depth.elf elf32-littlearm)

.debug_info     0x00000000      0x332
 .debug_info    0x00000000      0x183 Startup.o
 .debug_info    0x00000183      0x1af main.o

.debug_abbrev   0x00000000      0x1cd
 .debug_abbrev  0x00000000       0xd6 Startup.o
 .debug_abbrev  0x000000d6       0xf7 main.o

.debug_loc      0x00000000       0xcc
 .debug_loc     0x00000000       0x94 Startup.o
 .debug_loc     0x00000094       0x38 main.o

.debug_aranges  0x00000000       0x40
 .debug_aranges
                0x00000000       0x20 Startup.o
 .debug_aranges
                0x00000020       0x20 main.o

.debug_line     0x00000000      0x268
 .debug_line    0x00000000      0x13d Startup.o
 .debug_line    0x0000013d      0x12b main.o

.debug_str      0x00000000      0x1ca
 .debug_str     0x00000000      0x173 Startup.o
                                0x1b0 (size before relaxing)
 .debug_str     0x00000173       0x57 main.o
                                0x19e (size before relaxing)

.comment        0x00000000       0x7e
 .comment       0x00000000       0x7e Startup.o
                                 0x7f (size before relaxing)
 .comment       0x0000007e       0x7f main.o

.ARM.attributes
                0x00000000       0x33
 .ARM.attributes
                0x00000000       0x33 Startup.o
 .ARM.attributes
                0x00000033       0x33 main.o

.debug_frame    0x00000000       0x80
 .debug_frame   0x00000000       0x54 Startup.o
 .debug_frame   0x00000054       0x2c main.o
