
Memory Configuration

Name             Origin             Length             Attributes
MEM              0x00000000         0x04000000         xrw
*default*        0x00000000         0xffffffff

Linker script and memory map


.startup        0x00000000    0x10010
                0x00010000                . = 0x10000
 *fill*         0x00000000    0x10000 
 startup.o(.text)
 .text          0x00010000       0x10 Startup.o
                0x00010000                reset

.text           0x00010010      0x138
 *(.text)
 .text          0x00010010       0x1c App.o
                0x00010010                main
 .text          0x0001002c       0x54 Uart.o
                0x0001002c                UART_Send_String
 *(.rodata)
 .rodata        0x00010080       0xc8 App.o
                0x00010080                string2
                0x000100e4                string3

.glue_7         0x00010148        0x0
 .glue_7        0x00010148        0x0 linker stubs

.glue_7t        0x00010148        0x0
 .glue_7t       0x00010148        0x0 linker stubs

.vfp11_veneer   0x00010148        0x0
 .vfp11_veneer  0x00010148        0x0 linker stubs

.v4_bx          0x00010148        0x0
 .v4_bx         0x00010148        0x0 linker stubs

.iplt           0x00010148        0x0
 .iplt          0x00010148        0x0 Startup.o

.rel.dyn        0x00010148        0x0
 .rel.iplt      0x00010148        0x0 Startup.o

.data           0x00010148       0x64
 *(.data)
 .data          0x00010148        0x0 Startup.o
 .data          0x00010148       0x64 App.o
                0x00010148                string
 .data          0x000101ac        0x0 Uart.o

.igot.plt       0x000101ac        0x0
 .igot.plt      0x000101ac        0x0 Startup.o

.bss            0x000101ac        0x0
 *(.bss)
 .bss           0x000101ac        0x0 Startup.o
 .bss           0x000101ac        0x0 App.o
 .bss           0x000101ac        0x0 Uart.o
 *(.COMMON)
                0x000111ac                . = (. + 0x1000)
                0x000111ac                Stack_Top = .
LOAD App.o
LOAD Uart.o
LOAD Startup.o
OUTPUT(learn-in-depth.elf elf32-littlearm)

.ARM.attributes
                0x00000000       0x2e
 .ARM.attributes
                0x00000000       0x22 Startup.o
 .ARM.attributes
                0x00000022       0x32 App.o
 .ARM.attributes
                0x00000054       0x32 Uart.o

.comment        0x00000000       0x7e
 .comment       0x00000000       0x7e App.o
                                 0x7f (size before relaxing)
 .comment       0x0000007e       0x7f Uart.o

.debug_line     0x00000000       0xac
 .debug_line    0x00000000       0x3a Startup.o
 .debug_line    0x0000003a       0x37 App.o
 .debug_line    0x00000071       0x3b Uart.o

.debug_info     0x00000000      0x11f
 .debug_info    0x00000000       0x26 Startup.o
 .debug_info    0x00000026       0xa2 App.o
 .debug_info    0x000000c8       0x57 Uart.o

.debug_abbrev   0x00000000       0xc6
 .debug_abbrev  0x00000000       0x14 Startup.o
 .debug_abbrev  0x00000014       0x61 App.o
 .debug_abbrev  0x00000075       0x51 Uart.o

.debug_aranges  0x00000000       0x60
 .debug_aranges
                0x00000000       0x20 Startup.o
 .debug_aranges
                0x00000020       0x20 App.o
 .debug_aranges
                0x00000040       0x20 Uart.o

.debug_str      0x00000000      0x119
 .debug_str     0x00000000       0x62 Startup.o
 .debug_str     0x00000062       0x93 App.o
                                 0xe3 (size before relaxing)
 .debug_str     0x000000f5       0x24 Uart.o
                                 0xd8 (size before relaxing)

.debug_frame    0x00000000       0x5c
 .debug_frame   0x00000000       0x2c App.o
 .debug_frame   0x0000002c       0x30 Uart.o
